<html>
<body>
<pre>
<h1>µVision Build Log</h1>
<h2>Project:</h2>
C:\Keil\TExaSware\Lab6_BranchingFunctionsDelays\Lab6.uvproj
Project File Date:  01/17/2014

<h2>Output:</h2>
Build target 'Lab6'
assembling startup.s...
compiling BranchingFunctionsDelays.c...
linking...
Program Size: Code=3736 RO-data=5996 RW-data=64 ZI-data=1752  
".\Lab6.axf" - 0 Error(s), 0 Warning(s).
Load "C:\\Keil\\TExaSware\\Lab6_BranchingFunctionsDelays\\Lab6.axf" 
Connecting: Mode=JTAG, Speed=1000000Hz
Erase Done.
Programming Done.
Verify OK.
</pre>
</body>
</html>
.axf" - 2 Error(s), 0 Warning(s).
Target not created

BranchingFunctionsDelays.c: 0 warnings, 3 errors
".\Lab6.axf" - 3 Error(s), 0 Warning(s).
Target not created
