<html>
<body>
<pre>
<h1>µVision Build Log</h1>
<h2>Project:</h2>
D:\Dropbox\apn176\apntex_176\MySetup\TExaSware\Lab6_BranchingFunctionsDelays\Lab6.uvproj
Project File Date:  01/08/2014

<h2>Output:</h2>
Build target 'Lab6'
assembling startup.s...
compiling BranchingFunctionsDelays.c...
linking...
Program Size: Code=3512 RO-data=5996 RW-data=56 ZI-data=1752  
".\Lab6.axf" - 0 Error(s), 0 Warning(s).
Clean started: Project: 'Lab6'
   deleting intermediate output files for target 'Lab6'
</pre>
</body>
</html>
